// Jest Snapshot v1, https://goo.gl/fbAQLP

exports[`UploadService getSignature should match snapshot 1`] = `"761e471cc900ff43310fe574f8f964e14dac23de8fa8521bd5895347d5a8908e"`;

exports[`UploadService getStringToSign should match snapshot 1`] = `"eyJleHBpcmF0aW9uIjoiMzAwMC0wOS0xMVQyMDo1ODoxMS41NjhaIiwiY29uZGl0aW9ucyI6W3siYnVja2V0IjoiZXhhbXBsZS1idWNrZXQifSx7InN1Y2Nlc3NfYWN0aW9uX3N0YXR1cyI6IjIwMCJ9LFsic3RhcnRzLXdpdGgiLCIka2V5IiwidXBsb2FkLyJdLHsiYWNsIjoicHVibGljLXJlYWQifSxbInN0YXJ0cy13aXRoIiwiJENvbnRlbnQtVHlwZSIsImltYWdlLyJdLHsieC1hbXotYWxnb3JpdGhtIjoiQVdTNC1ITUFDLVNIQTI1NiJ9LHsieC1hbXotY3JlZGVudGlhbCI6ImtleS8zMDAwMDkxMS9ldS1jZW50cmFsLTEvczMvYXdzNF9yZXF1ZXN0In0seyJ4LWFtei1kYXRlIjoiMzAwMDA5MTFUMDAwMDAwWiJ9XX0="`;

exports[`UploadService getUploadToken should match snapshot 1`] = `
UploadToken {
  "acl": "public-read",
  "algorithm": "AWS4-HMAC-SHA256",
  "credential": "key/30000911/eu-central-1/s3/aws4_request",
  "date": "30000911T000000Z",
  "fileUrl": "http://example.com/upload/{filename}",
  "key": "upload/{filename}",
  "policy": "eyJleHBpcmF0aW9uIjoiMzAwMC0wOS0xMVQyMTowODoxMS41NjhaIiwiY29uZGl0aW9ucyI6W3siYnVja2V0IjoiZXhhbXBsZS1idWNrZXQifSx7InN1Y2Nlc3NfYWN0aW9uX3N0YXR1cyI6IjIwMCJ9LFsic3RhcnRzLXdpdGgiLCIka2V5IiwidXBsb2FkLyJdLHsiYWNsIjoicHVibGljLXJlYWQifSxbInN0YXJ0cy13aXRoIiwiJENvbnRlbnQtVHlwZSIsImltYWdlLyJdLHsieC1hbXotYWxnb3JpdGhtIjoiQVdTNC1ITUFDLVNIQTI1NiJ9LHsieC1hbXotY3JlZGVudGlhbCI6ImtleS8zMDAwMDkxMS9ldS1jZW50cmFsLTEvczMvYXdzNF9yZXF1ZXN0In0seyJ4LWFtei1kYXRlIjoiMzAwMDA5MTFUMDAwMDAwWiJ9XX0=",
  "signature": "da10df39b1896c6c937b91b8514091fcf45fce93a03dd7054bd24ea40ff60692",
  "successActionStatus": "200",
  "uploadUrl": "https://example-bucket.s3.amazonaws.com/",
}
`;
